// Jest Snapshot v1, https://goo.gl/fbAQLP

exports[`Search renders correctly 1`] = `
<div
  className="ks-search sc-bdVaJa jCORor"
>
  <SvgMock />
  <input
    onChange={[Function]}
    onKeyUp={[Function]}
    type="text"
  />
</div>
`;
